---
source: tests/generate_plan_tests.rs
expression: plan
---
{
  "nixpacksVersion": "[version]",
  "buildImage": "[build_image]",
  "variables": {
    "NIXPACKS_METADATA": "python"
  },
  "phases": [
    {
      "name": "setup",
      "nixPackages": [
        {
          "name": "python27"
        }
      ]
    },
    {
      "name": "install",
      "dependsOn": [
        "setup"
      ]
    },
    {
      "name": "build",
      "dependsOn": [
        "install"
      ]
    }
  ],
  "startPhase": {
    "cmd": "python main.py"
  }
}
